Microchip MPLAB XC8 Compiler V2.32

Linker command line:

-W-3 --edf=C:\Program Files\Microchip\xc8\v2.32\pic\dat\en_msgs.txt -cn \
  -h+dist/default/production\LoadCell.X.production.sym \
  --cmf=dist/default/production\LoadCell.X.production.cmf -z -Q16F1827 \
  -oC:\Users\dexte\AppData\Local\Temp\xcAs7g0.4 --defsym=__MPLAB_BUILD=1 \
  -Mdist/default/production/LoadCell.X.production.map -E1 -ver=XC8 Compiler \
  --acfsm=1493 -ASTACK=0203Dh-0216Fh -pstack=STACK -ACODE=00h-07FFhx2 \
  -ASTRCODE=00h-0FFFh -ASTRING=00h-0FFhx16 -ACONST=00h-0FFhx16 \
  -AENTRY=00h-0FFhx16 -ACOMMON=070h-07Fh -ABANK0=020h-06Fh \
  -ABANK1=0A0h-0EFh -ABANK2=0120h-016Fh -ABANK3=01A0h-01EFh \
  -ABANK4=0220h-024Fh -ABIGRAM=02000h-0216Fh \
  -ARAM=020h-06Fh,0A0h-0EFh,0120h-016Fh,01A0h-01EFh,0220h-024Fh \
  -AABS1=020h-07Fh,0A0h-0EFh,0120h-016Fh,01A0h-01EFh,0220h-024Fh \
  -ASFR0=00h-01Fh -ASFR1=080h-09Fh -ASFR2=0100h-011Fh -ASFR3=0180h-019Fh \
  -ASFR4=0200h-021Fh -ASFR5=0280h-02EFh -ASFR6=0300h-036Fh \
  -ASFR7=0380h-03EFh -ASFR8=0400h-046Fh -ASFR9=0480h-04EFh \
  -ASFR10=0500h-056Fh -ASFR11=0580h-05EFh -ASFR12=0600h-066Fh \
  -ASFR13=0680h-06EFh -ASFR14=0700h-076Fh -ASFR15=0780h-07EFh \
  -ASFR16=0800h-086Fh -ASFR17=0880h-08EFh -ASFR18=0900h-096Fh \
  -ASFR19=0980h-09EFh -ASFR20=0A00h-0A6Fh -ASFR21=0A80h-0AEFh \
  -ASFR22=0B00h-0B6Fh -ASFR23=0B80h-0BEFh -ASFR24=0C00h-0C6Fh \
  -ASFR25=0C80h-0CEFh -ASFR26=0D00h-0D6Fh -ASFR27=0D80h-0DEFh \
  -ASFR28=0E00h-0E6Fh -ASFR29=0E80h-0EEFh -ASFR30=0F00h-0F6Fh \
  -ASFR31=0F80h-0FEFh -ACONFIG=08007h-08008h -DCONFIG=2 \
  -AIDLOC=08000h-08003h -DIDLOC=2 -AEEDATA=00h-0FFh/0F000h \
  -peeprom_data=EEDATA -DEEDATA=2 -DCODE=2 -DSTRCODE=2 -DSTRING=2 -DCONST=2 \
  -DENTRY=2 -preset_vec=00h,intentry,init,end_init -ppowerup=CODE \
  -pcinit=CODE -pfunctab=ENTRY -k \
  C:\Users\dexte\AppData\Local\Temp\xcAs7g0.o \
  dist/default/production\LoadCell.X.production.o 

Object code version is 3.11

Machine type is 16F1827



                Name                               Link     Load   Length Selector   Space Scale
C:\Users\dexte\AppData\Local\Temp\xcAs7g0.o
                end_init                              2        2        2        0       0
                reset_vec                             0        0        2        0       0
                config                             8007     8007        2        0       4
dist/default/production\LoadCell.X.production.o
                cinit                               7E5      7E5       1B      FCA       0
                config                             8007     8007        2        0       4
                text26                               1B       1B        7       36       0
                text25                               82       82       16      104       0
                text24                                7        7        4        E       0
                text23                               30       30        A       60       0
                text22                              1A7      1A7       4C      34E       0
                text21                               22       22        7       44       0
                text20                                4        4        3        0       0
                text19                                F        F        6       1E       0
                text18                              240      240       A6      480       0
                text17                               44       44        C       88       0
                text16                               3A       3A        A       74       0
                text15                               29       29        7       52       0
                text14                               5E       5E       10       BC       0
                text13                               6E       6E       14       DC       0
                text12                               50       50        E       A0       0
                text11                              133      133       38      266       0
                text10                               98       98       1D      130       0
                text9                                B5       B5       22      16A       0
                text8                                D7       D7       28      1AE       0
                text7                               545      545       EC      A8A       0
                text6                               631      631      1B4      C62       0
                text5                               2E6      2E6       AC      5CC       0
                text4                               1F3      1F3       4D      3E6       0
                text3                               16B      16B       3C      2D6       0
                text2                                FF       FF       34      1FE       0
                text1                               392      392       D9      724       0
                maintext                            46B      46B       DA      8D6       0
                cstackBANK0                          20       20       22       20       1
                cstackCOMMON                         70       70        E       70       1
                clrtext                              15       15        6       2A       0
                dataBANK0                            59       59        4       20       1
                bssBANK0                             42       42       17       20       1
                stringtext4                         82B      82B        2     1000       0
                stringtext3                         826      826        5     1000       0
                stringtext2                         81B      81B        B     1000       0
                stringtext1                         800      800       1B     1000       0
                idataBANK0                            B        B        4       16       0

TOTAL           Name                               Link     Load   Length     Space
        CLASS   STACK          

        CLASS   CODE           
                end_init                              2        2        2         0
                cinit                               7E5      7E5       1B         0
                reset_vec                             0        0        2         0
                text26                               1B       1B        7         0
                text25                               82       82       16         0
                text24                                7        7        4         0
                text23                               30       30        A         0
                text22                              1A7      1A7       4C         0
                text21                               22       22        7         0
                text20                                4        4        3         0
                text19                                F        F        6         0
                text18                              240      240       A6         0
                text17                               44       44        C         0
                text16                               3A       3A        A         0
                text15                               29       29        7         0
                text14                               5E       5E       10         0
                text13                               6E       6E       14         0
                text12                               50       50        E         0
                text11                              133      133       38         0
                text10                               98       98       1D         0
                text9                                B5       B5       22         0
                text8                                D7       D7       28         0
                text7                               545      545       EC         0
                text6                               631      631      1B4         0
                text5                               2E6      2E6       AC         0
                text4                               1F3      1F3       4D         0
                text3                               16B      16B       3C         0
                text2                                FF       FF       34         0
                text1                               392      392       D9         0
                maintext                            46B      46B       DA         0
                clrtext                              15       15        6         0
                idataBANK0                            B        B        4         0

        CLASS   STRCODE        
                stringtext4                         82B      82B        2         0
                stringtext3                         826      826        5         0
                stringtext2                         81B      81B        B         0
                stringtext1                         800      800       1B         0

        CLASS   STRING         

        CLASS   CONST          

        CLASS   ENTRY          

        CLASS   COMMON         
                cstackCOMMON                         70       70        E         1

        CLASS   BANK0          
                cstackBANK0                          20       20       22         1
                dataBANK0                            59       59        4         1
                bssBANK0                             42       42       17         1

        CLASS   BANK1          

        CLASS   BANK2          

        CLASS   BANK3          

        CLASS   BANK4          

        CLASS   BIGRAM         

        CLASS   RAM            

        CLASS   ABS1           
                abs_s1                               7E       7E        2         1

        CLASS   SFR0           

        CLASS   SFR1           

        CLASS   SFR2           

        CLASS   SFR3           

        CLASS   SFR4           

        CLASS   SFR5           

        CLASS   SFR6           

        CLASS   SFR7           

        CLASS   SFR8           

        CLASS   SFR9           

        CLASS   SFR10          

        CLASS   SFR11          

        CLASS   SFR12          

        CLASS   SFR13          

        CLASS   SFR14          

        CLASS   SFR15          

        CLASS   SFR16          

        CLASS   SFR17          

        CLASS   SFR18          

        CLASS   SFR19          

        CLASS   SFR20          

        CLASS   SFR21          

        CLASS   SFR22          

        CLASS   SFR23          

        CLASS   SFR24          

        CLASS   SFR25          

        CLASS   SFR26          

        CLASS   SFR27          

        CLASS   SFR28          

        CLASS   SFR29          

        CLASS   SFR30          

        CLASS   SFR31          

        CLASS   CONFIG         
                config                             8007     8007        2         4

        CLASS   IDLOC          

        CLASS   EEDATA         

        CLASS   BANK31         

        CLASS   BANK30         

        CLASS   BANK29         

        CLASS   BANK28         

        CLASS   BANK27         

        CLASS   BANK26         

        CLASS   BANK25         

        CLASS   BANK24         

        CLASS   BANK23         

        CLASS   BANK22         

        CLASS   BANK21         

        CLASS   BANK20         

        CLASS   BANK19         

        CLASS   BANK18         

        CLASS   BANK17         

        CLASS   BANK16         

        CLASS   BANK15         

        CLASS   BANK14         

        CLASS   BANK13         

        CLASS   BANK12         

        CLASS   BANK11         

        CLASS   BANK10         

        CLASS   BANK9          

        CLASS   BANK8          

        CLASS   BANK7          

        CLASS   BANK6          

        CLASS   BANK5          



SEGMENTS        Name                           Load    Length   Top    Selector   Space  Class     Delta

                reset_vec                      000000  000007  000007         0       0  CODE        2
                text24                         000007  000004  00000B         E       0  CODE        2
                idataBANK0                     00000B  000004  00000F        16       0  CODE        2
                text19                         00000F  000006  000015        1E       0  CODE        2
                cstackBANK0                    000020  00003D  00005D        20       1  BANK0       1
                clrtext                        000015  000006  00001B        2A       0  CODE        2
                text26                         00001B  000007  000022        36       0  CODE        2
                text21                         000022  000007  000029        44       0  CODE        2
                text15                         000029  000007  000030        52       0  CODE        2
                text23                         000030  00000A  00003A        60       0  CODE        2
                cstackCOMMON                   000070  00000E  00007E        70       1  COMMON      1
                text16                         00003A  00000A  000044        74       0  CODE        2
                text17                         000044  00000C  000050        88       0  CODE        2
                text12                         000050  00000E  00005E        A0       0  CODE        2
                text14                         00005E  000010  00006E        BC       0  CODE        2
                text13                         00006E  000014  000082        DC       0  CODE        2
                text25                         000082  000016  000098       104       0  CODE        2
                text10                         000098  00001D  0000B5       130       0  CODE        2
                text9                          0000B5  000022  0000D7       16A       0  CODE        2
                text8                          0000D7  000028  0000FF       1AE       0  CODE        2
                text2                          0000FF  000034  000133       1FE       0  CODE        2
                text11                         000133  000038  00016B       266       0  CODE        2
                text3                          00016B  00003C  0001A7       2D6       0  CODE        2
                text22                         0001A7  00004C  0001F3       34E       0  CODE        2
                text4                          0001F3  00004D  000240       3E6       0  CODE        2
                text18                         000240  0000A6  0002E6       480       0  CODE        2
                text5                          0002E6  0000AC  000392       5CC       0  CODE        2
                text1                          000392  0000D9  00046B       724       0  CODE        2
                maintext                       00046B  0000DA  000545       8D6       0  CODE        2
                text7                          000545  0000EC  000631       A8A       0  CODE        2
                text6                          000631  0001B4  0007E5       C62       0  CODE        2
                cinit                          0007E5  00001B  000800       FCA       0  CODE        2
                stringtext1                    000800  00002D  00082D      1000       0  STRCODE     2


UNUSED ADDRESS RANGES

        Name                Unused          Largest block    Delta
        BANK0            0005D-0006F              13           1
        BANK1            000A0-000EF              50           1
        BANK2            00120-0016F              50           1
        BANK3            001A0-001EF              50           1
        BANK4            00220-0024F              30           1
        BIGRAM           02000-0216F             170           1
        CODE             0082D-00FFF             7D3           2
        CONST            0082D-00FFF             100           2
        EEDATA           0F000-0F0FF             100           2
        ENTRY            0082D-00FFF             100           2
        IDLOC            08000-08003               4           2
        RAM              0005D-0006F              13           1
                         000A0-000EF              50
                         00120-0016F              50
                         001A0-001EF              50
                         00220-0024F              30
        SFR0             00000-0001F              20           1
        SFR1             00080-0009F              20           1
        SFR10            00500-0056F              70           1
        SFR11            00580-005EF              70           1
        SFR12            00600-0066F              70           1
        SFR13            00680-006EF              70           1
        SFR14            00700-0076F              70           1
        SFR15            00780-007EF              70           1
        SFR16            00800-0086F              70           1
        SFR17            00880-008EF              70           1
        SFR18            00900-0096F              70           1
        SFR19            00980-009EF              70           1
        SFR2             00100-0011F              20           1
        SFR20            00A00-00A6F              70           1
        SFR21            00A80-00AEF              70           1
        SFR22            00B00-00B6F              70           1
        SFR23            00B80-00BEF              70           1
        SFR24            00C00-00C6F              70           1
        SFR25            00C80-00CEF              70           1
        SFR26            00D00-00D6F              70           1
        SFR27            00D80-00DEF              70           1
        SFR28            00E00-00E6F              70           1
        SFR29            00E80-00EEF              70           1
        SFR3             00180-0019F              20           1
        SFR30            00F00-00F6F              70           1
        SFR31            00F80-00FEF              70           1
        SFR4             00200-0021F              20           1
        SFR5             00280-002EF              70           1
        SFR6             00300-0036F              70           1
        SFR7             00380-003EF              70           1
        SFR8             00400-0046F              70           1
        SFR9             00480-004EF              70           1
        STACK            0203D-0216F             133           1
        STRCODE          0082D-00FFF             7D3           2
        STRING           0082D-00FFF             100           2

                                  Symbol Table

?___fldiv                        cstackCOMMON 00070
?___ltdiv                        cstackCOMMON 00070
?___lwdiv                        cstackCOMMON 00070
?___lwmod                        cstackCOMMON 00078
?___xxtofl                       cstackCOMMON 00070
?_get_scale_val                  cstackCOMMON 0007B
?_scale_convert_gram             cstackBANK0  0002D
?_sprintf                        cstackBANK0  00020
_ANSELA                          (abs)        0018C
_ANSELB                          (abs)        0018D
_APFCON0                         (abs)        0011D
_APFCON1                         (abs)        0011E
_BORCON                          (abs)        00116
_LATA                            (abs)        0010C
_LATB                            (abs)        0010D
_OPTION_REGbits                  (abs)        00095
_OSCCON                          (abs)        00099
_OSCILLATOR_Initialize           text26       0001B
_OSCTUNE                         (abs)        00098
_PIN_MANAGER_Initialize          text25       00082
_PORTAbits                       (abs)        0000C
_SSP2ADD                         (abs)        0021A
_SSP2BUF                         (abs)        00219
_SSP2CON1                        (abs)        0021D
_SSP2CON1bits                    (abs)        0021D
_SSP2CON2                        (abs)        0021E
_SSP2CON2bits                    (abs)        0021E
_SSP2STAT                        (abs)        0021C
_SSP2STATbits                    (abs)        0021C
_SYSTEM_Initialize               text23       00030
_TRISA                           (abs)        0008C
_TRISB                           (abs)        0008D
_WDTCON                          (abs)        00097
_WDT_Initialize                  text24       00007
_WPUA                            (abs)        0020C
_WPUB                            (abs)        0020D
__Habs1                          abs1         00000
__Hbank0                         bank0        00000
__Hbank1                         bank1        00000
__Hbank10                        bank10       00000
__Hbank11                        bank11       00000
__Hbank12                        bank12       00000
__Hbank13                        bank13       00000
__Hbank14                        bank14       00000
__Hbank15                        bank15       00000
__Hbank16                        bank16       00000
__Hbank17                        bank17       00000
__Hbank18                        bank18       00000
__Hbank19                        bank19       00000
__Hbank2                         bank2        00000
__Hbank20                        bank20       00000
__Hbank21                        bank21       00000
__Hbank22                        bank22       00000
__Hbank23                        bank23       00000
__Hbank24                        bank24       00000
__Hbank25                        bank25       00000
__Hbank26                        bank26       00000
__Hbank27                        bank27       00000
__Hbank28                        bank28       00000
__Hbank29                        bank29       00000
__Hbank3                         bank3        00000
__Hbank30                        bank30       00000
__Hbank31                        bank31       00000
__Hbank4                         bank4        00000
__Hbank5                         bank5        00000
__Hbank6                         bank6        00000
__Hbank7                         bank7        00000
__Hbank8                         bank8        00000
__Hbank9                         bank9        00000
__Hbigram                        bigram       00000
__HbssBANK0                      bssBANK0     00000
__Hcinit                         cinit        00800
__Hclrtext                       clrtext      00000
__Hcode                          code         00000
__Hcommon                        common       00000
__Hconfig                        config       08009
__HcstackBANK0                   cstackBANK0  00000
__HcstackCOMMON                  cstackCOMMON 00000
__HdataBANK0                     dataBANK0    00000
__Heeprom_data                   eeprom_data  00000
__Hend_init                      end_init     00004
__Hfunctab                       functab      00000
__HidataBANK0                    idataBANK0   00000
__Hinit                          init         00002
__Hintentry                      intentry     00002
__Hmaintext                      maintext     00000
__Hpowerup                       powerup      00000
__Hram                           ram          00000
__Hreset_vec                     reset_vec    00002
__Hsfr0                          sfr0         00000
__Hsfr1                          sfr1         00000
__Hsfr10                         sfr10        00000
__Hsfr11                         sfr11        00000
__Hsfr12                         sfr12        00000
__Hsfr13                         sfr13        00000
__Hsfr14                         sfr14        00000
__Hsfr15                         sfr15        00000
__Hsfr16                         sfr16        00000
__Hsfr17                         sfr17        00000
__Hsfr18                         sfr18        00000
__Hsfr19                         sfr19        00000
__Hsfr2                          sfr2         00000
__Hsfr20                         sfr20        00000
__Hsfr21                         sfr21        00000
__Hsfr22                         sfr22        00000
__Hsfr23                         sfr23        00000
__Hsfr24                         sfr24        00000
__Hsfr25                         sfr25        00000
__Hsfr26                         sfr26        00000
__Hsfr27                         sfr27        00000
__Hsfr28                         sfr28        00000
__Hsfr29                         sfr29        00000
__Hsfr3                          sfr3         00000
__Hsfr30                         sfr30        00000
__Hsfr31                         sfr31        00000
__Hsfr4                          sfr4         00000
__Hsfr5                          sfr5         00000
__Hsfr6                          sfr6         00000
__Hsfr7                          sfr7         00000
__Hsfr8                          sfr8         00000
__Hsfr9                          sfr9         00000
__Hspace_0                       (abs)        0082D
__Hspace_1                       (abs)        0007E
__Hspace_2                       (abs)        00000
__Hspace_3                       (abs)        00000
__Hspace_4                       (abs)        10010
__Hstack                         stack        00000
__Hstrings                       strings      00000
__Hstringtext1                   stringtext1  00000
__Hstringtext2                   stringtext2  00000
__Hstringtext3                   stringtext3  00000
__Hstringtext4                   stringtext4  00000
__Hstringtext5                   stringtext5  00000
__Htext                          text         00000
__Labs1                          abs1         00000
__Lbank0                         bank0        00000
__Lbank1                         bank1        00000
__Lbank10                        bank10       00000
__Lbank11                        bank11       00000
__Lbank12                        bank12       00000
__Lbank13                        bank13       00000
__Lbank14                        bank14       00000
__Lbank15                        bank15       00000
__Lbank16                        bank16       00000
__Lbank17                        bank17       00000
__Lbank18                        bank18       00000
__Lbank19                        bank19       00000
__Lbank2                         bank2        00000
__Lbank20                        bank20       00000
__Lbank21                        bank21       00000
__Lbank22                        bank22       00000
__Lbank23                        bank23       00000
__Lbank24                        bank24       00000
__Lbank25                        bank25       00000
__Lbank26                        bank26       00000
__Lbank27                        bank27       00000
__Lbank28                        bank28       00000
__Lbank29                        bank29       00000
__Lbank3                         bank3        00000
__Lbank30                        bank30       00000
__Lbank31                        bank31       00000
__Lbank4                         bank4        00000
__Lbank5                         bank5        00000
__Lbank6                         bank6        00000
__Lbank7                         bank7        00000
__Lbank8                         bank8        00000
__Lbank9                         bank9        00000
__Lbigram                        bigram       00000
__LbssBANK0                      bssBANK0     00000
__Lcinit                         cinit        007E5
__Lclrtext                       clrtext      00000
__Lcode                          code         00000
__Lcommon                        common       00000
__Lconfig                        config       00000
__LcstackBANK0                   cstackBANK0  00000
__LcstackCOMMON                  cstackCOMMON 00000
__LdataBANK0                     dataBANK0    00000
__Leeprom_data                   eeprom_data  00000
__Lend_init                      end_init     00002
__Lfunctab                       functab      00000
__LidataBANK0                    idataBANK0   00000
__Linit                          init         00002
__Lintentry                      intentry     00002
__Lmaintext                      maintext     00000
__Lpowerup                       powerup      00000
__Lram                           ram          00000
__Lreset_vec                     reset_vec    00000
__Lsfr0                          sfr0         00000
__Lsfr1                          sfr1         00000
__Lsfr10                         sfr10        00000
__Lsfr11                         sfr11        00000
__Lsfr12                         sfr12        00000
__Lsfr13                         sfr13        00000
__Lsfr14                         sfr14        00000
__Lsfr15                         sfr15        00000
__Lsfr16                         sfr16        00000
__Lsfr17                         sfr17        00000
__Lsfr18                         sfr18        00000
__Lsfr19                         sfr19        00000
__Lsfr2                          sfr2         00000
__Lsfr20                         sfr20        00000
__Lsfr21                         sfr21        00000
__Lsfr22                         sfr22        00000
__Lsfr23                         sfr23        00000
__Lsfr24                         sfr24        00000
__Lsfr25                         sfr25        00000
__Lsfr26                         sfr26        00000
__Lsfr27                         sfr27        00000
__Lsfr28                         sfr28        00000
__Lsfr29                         sfr29        00000
__Lsfr3                          sfr3         00000
__Lsfr30                         sfr30        00000
__Lsfr31                         sfr31        00000
__Lsfr4                          sfr4         00000
__Lsfr5                          sfr5         00000
__Lsfr6                          sfr6         00000
__Lsfr7                          sfr7         00000
__Lsfr8                          sfr8         00000
__Lsfr9                          sfr9         00000
__Lspace_0                       (abs)        00000
__Lspace_1                       (abs)        00000
__Lspace_2                       (abs)        00000
__Lspace_3                       (abs)        00000
__Lspace_4                       (abs)        00000
__Lstack                         stack        00000
__Lstrings                       strings      00000
__Lstringtext1                   stringtext1  00000
__Lstringtext2                   stringtext2  00000
__Lstringtext3                   stringtext3  00000
__Lstringtext4                   stringtext4  00000
__Lstringtext5                   stringtext5  00000
__Ltext                          text         00000
__S0                             (abs)        0082D
__S1                             (abs)        0007E
__S2                             (abs)        00000
__S3                             (abs)        00000
___fldiv                         text6        00631
___fldiv@a                       cstackCOMMON 00070
___fldiv@aexp                    cstackBANK0  0002C
___fldiv@b                       cstackCOMMON 00074
___fldiv@bexp                    cstackBANK0  0002B
___fldiv@grs                     cstackBANK0  00027
___fldiv@new_exp                 cstackBANK0  00025
___fldiv@rem                     cstackBANK0  00020
___fldiv@sign                    cstackBANK0  00024
___int_sp                        stack        00000
___latbits                       (abs)        00001
___ltdiv                         text22       001A7
___ltdiv@counter                 cstackCOMMON 0007A
___ltdiv@dividend                cstackCOMMON 00073
___ltdiv@divisor                 cstackCOMMON 00070
___ltdiv@quotient                cstackCOMMON 00077
___lwdiv                         text3        0016B
___lwdiv@counter                 cstackCOMMON 00077
___lwdiv@dividend                cstackCOMMON 00072
___lwdiv@divisor                 cstackCOMMON 00070
___lwdiv@quotient                cstackCOMMON 00075
___lwmod                         text2        000FF
___lwmod@counter                 cstackCOMMON 0007D
___lwmod@dividend                cstackCOMMON 0007A
___lwmod@divisor                 cstackCOMMON 00078
___sp                            stack        00000
___stackhi                       (abs)        0216F
___stacklo                       (abs)        0203D
___xxtofl                        text5        002E6
___xxtofl@arg                    cstackCOMMON 0007A
___xxtofl@exp                    cstackCOMMON 00079
___xxtofl@sign                   cstackCOMMON 00078
___xxtofl@val                    cstackCOMMON 00070
__backlightval                   bssBANK0     00048
__end_of_OSCILLATOR_Initialize   text26       00022
__end_of_PIN_MANAGER_Initialize  text25       00098
__end_of_SYSTEM_Initialize       text23       0003A
__end_of_WDT_Initialize          text24       0000B
__end_of___fldiv                 text6        007E5
__end_of___ltdiv                 text22       001F3
__end_of___lwdiv                 text3        001A7
__end_of___lwmod                 text2        00133
__end_of___xxtofl                text5        00392
__end_of__initialization         cinit        007FD
__end_of_command                 text11       0016B
__end_of_dpowers                 stringtext1  0080A
__end_of_get_CELL_DAT_VAL        text21       00029
__end_of_get_scale_val           text18       002E6
__end_of_i2c_start               text16       00044
__end_of_i2c_stop                text15       00030
__end_of_i2c_wait                text17       00050
__end_of_i2c_write               text14       0006E
__end_of_lcd_backlight           text12       0005E
__end_of_lcd_clear               text8        000FF
__end_of_lcd_cmd                 text13       00082
__end_of_lcd_init                text7        00631
__end_of_lcd_print               text10       000B5
__end_of_lcd_set_cursor          text9        000D7
__end_of_main                    maintext     00545
__end_of_scale_convert_gram      text4        00240
__end_of_set_CELL_CLK_HIGH       text20       00007
__end_of_set_CELL_CLK_LOW        text19       00015
__end_of_sprintf                 text1        0046B
__initialization                 cinit        007E5
__pbssBANK0                      bssBANK0     00042
__pcstackBANK0                   cstackBANK0  00020
__pcstackCOMMON                  cstackCOMMON 00070
__pdataBANK0                     dataBANK0    00059
__pidataBANK0                    idataBANK0   0000B
__pmaintext                      maintext     0046B
__pstringtext1                   stringtext1  00800
__pstringtext2                   stringtext2  0081B
__pstringtext3                   stringtext3  00826
__pstringtext4                   stringtext4  0082B
__pstringtext5                   stringtext5  00000
__ptext1                         text1        00392
__ptext10                        text10       00098
__ptext11                        text11       00133
__ptext12                        text12       00050
__ptext13                        text13       0006E
__ptext14                        text14       0005E
__ptext15                        text15       00029
__ptext16                        text16       0003A
__ptext17                        text17       00044
__ptext18                        text18       00240
__ptext19                        text19       0000F
__ptext2                         text2        000FF
__ptext20                        text20       00004
__ptext21                        text21       00022
__ptext22                        text22       001A7
__ptext23                        text23       00030
__ptext24                        text24       00007
__ptext25                        text25       00082
__ptext26                        text26       0001B
__ptext3                         text3        0016B
__ptext4                         text4        001F3
__ptext5                         text5        002E6
__ptext6                         text6        00631
__ptext7                         text7        00545
__ptext8                         text8        000D7
__ptext9                         text9        000B5
__size_of_OSCILLATOR_Initialize  (abs)        00000
__size_of_PIN_MANAGER_Initialize (abs)        00000
__size_of_SYSTEM_Initialize      (abs)        00000
__size_of_WDT_Initialize         (abs)        00000
__size_of___fldiv                (abs)        00000
__size_of___ltdiv                (abs)        00000
__size_of___lwdiv                (abs)        00000
__size_of___lwmod                (abs)        00000
__size_of___xxtofl               (abs)        00000
__size_of_command                (abs)        00000
__size_of_get_CELL_DAT_VAL       (abs)        00000
__size_of_get_scale_val          (abs)        00000
__size_of_i2c_start              (abs)        00000
__size_of_i2c_stop               (abs)        00000
__size_of_i2c_wait               (abs)        00000
__size_of_i2c_write              (abs)        00000
__size_of_lcd_backlight          (abs)        00000
__size_of_lcd_clear              (abs)        00000
__size_of_lcd_cmd                (abs)        00000
__size_of_lcd_init               (abs)        00000
__size_of_lcd_print              (abs)        00000
__size_of_lcd_set_cursor         (abs)        00000
__size_of_main                   (abs)        00000
__size_of_scale_convert_gram     (abs)        00000
__size_of_set_CELL_CLK_HIGH      (abs)        00000
__size_of_set_CELL_CLK_LOW       (abs)        00000
__size_of_sprintf                (abs)        00000
_command                         text11       00133
_dpowers                         stringtext1  00800
_get_CELL_DAT_VAL                text21       00022
_get_scale_val                   text18       00240
_i2c_start                       text16       0003A
_i2c_stop                        text15       00029
_i2c_wait                        text17       00044
_i2c_write                       text14       0005E
_lcd_backlight                   text12       00050
_lcd_clear                       text8        000D7
_lcd_cmd                         text13       0006E
_lcd_init                        text7        00545
_lcd_print                       text10       00098
_lcd_set_cursor                  text9        000B5
_main                            maintext     0046B
_scale_convert_gram              text4        001F3
_set_CELL_CLK_HIGH               text20       00004
_set_CELL_CLK_LOW                text19       0000F
_sprintf                         text1        00392
_str                             bssBANK0     00049
_weight_dat                      bssBANK0     00045
_weight_zero                     bssBANK0     00042
btemp                            (abs)        0007E
clear_ram0                       clrtext      00015
command@highnib                  cstackCOMMON 00076
command@lownib                   cstackCOMMON 00077
command@mode                     cstackCOMMON 00072
command@val                      cstackCOMMON 00075
end_of_initialization            cinit        007FD
get_scale_val@i                  cstackBANK0  0002B
get_scale_val@j                  cstackBANK0  00026
get_scale_val@n                  cstackBANK0  00027
get_scale_val@weight_add         cstackBANK0  00023
get_scale_val@weight_count       cstackBANK0  00028
i2c_write@data                   cstackCOMMON 00070
intlevel0                        functab      00000
intlevel1                        functab      00000
intlevel2                        functab      00000
intlevel3                        functab      00000
intlevel4                        functab      00000
intlevel5                        functab      00000
lcd_clear@col                    cstackBANK0  00027
lcd_clear@row                    cstackBANK0  00026
lcd_cmd@cmd                      cstackCOMMON 00071
lcd_print@cmd                    cstackCOMMON 0007B
lcd_print@str                    cstackCOMMON 00078
lcd_set_cursor@F2395             dataBANK0    00059
lcd_set_cursor@cmd               cstackBANK0  00025
lcd_set_cursor@col               cstackBANK0  00024
lcd_set_cursor@row               cstackCOMMON 00078
lcd_set_cursor@row_offsets       cstackBANK0  00020
main@weight_gram                 cstackBANK0  0003A
main@weight_gram_180             cstackBANK0  0003E
reset_vec                        reset_vec    00000
scale_convert_gram@count         cstackBANK0  0002D
scale_convert_gram@temp          cstackBANK0  00034
sprintf@ap                       cstackBANK0  0002A
sprintf@c                        cstackBANK0  00030
sprintf@f                        cstackBANK0  00020
sprintf@flag                     cstackBANK0  0002B
sprintf@prec                     cstackBANK0  0002C
sprintf@sp                       cstackBANK0  0002F
sprintf@val                      cstackBANK0  0002D
start                            init         00002
start_initialization             cinit        007E5
wtemp0                           (abs)        0007E


MODULE INFORMATION

Module		Function		Class		Link	Load	Size
C:\Program Files\Microchip\xc8\v2.32\pic\sources\c90\common\ltdiv.c
		___ltdiv       		CODE           	01A7	0000	76

C:\Program Files\Microchip\xc8\v2.32\pic\sources\c90\common\ltdiv.c estimated size: 76

C:\Program Files\Microchip\xc8\v2.32\pic\sources\c90\common\xxtofl.c
		___xxtofl      		CODE           	02E6	0000	172

C:\Program Files\Microchip\xc8\v2.32\pic\sources\c90\common\xxtofl.c estimated size: 172

i2c.c
		_i2c_start     		CODE           	003A	0000	10
		_i2c_write     		CODE           	005E	0000	16
		_i2c_stop      		CODE           	0029	0000	7
		_i2c_wait      		CODE           	0044	0000	12

i2c.c estimated size: 45

mcc_generated_files/pin_manager.c
		_PIN_MANAGER_Initialize		CODE           	0082	0000	22

mcc_generated_files/pin_manager.c estimated size: 22

lcd_lib.c
		_lcd_cmd       		CODE           	006E	0000	20
		_lcd_backlight 		CODE           	0050	0000	14
		_lcd_set_cursor		CODE           	00B5	0000	34
		_lcd_clear     		CODE           	00D7	0000	40
		_lcd_print     		CODE           	0098	0000	29
		_command       		CODE           	0133	0000	56
		_lcd_init      		CODE           	0545	0000	236

lcd_lib.c estimated size: 429

C:\Program Files\Microchip\xc8\v2.32\pic\sources\c90\common\lwmod.c
		___lwmod       		CODE           	00FF	0000	52

C:\Program Files\Microchip\xc8\v2.32\pic\sources\c90\common\lwmod.c estimated size: 52

shared
		_dpowers       		STRCODE        	0800	0000	10
		__initialization		CODE           	07E5	0000	24

shared estimated size: 34

loadcell.c
		_set_CELL_CLK_LOW		CODE           	000F	0000	6
		_get_scale_val 		CODE           	0240	0000	166
		_scale_convert_gram		CODE           	01F3	0000	77
		_set_CELL_CLK_HIGH		CODE           	0004	0000	3
		_get_CELL_DAT_VAL		CODE           	0022	0000	7

loadcell.c estimated size: 259

mcc_generated_files/mcc.c
		_WDT_Initialize		CODE           	0007	0000	4
		_OSCILLATOR_Initialize		CODE           	001B	0000	7
		_SYSTEM_Initialize		CODE           	0030	0000	10

mcc_generated_files/mcc.c estimated size: 21

C:\Program Files\Microchip\xc8\v2.32\pic\sources\c90\common\sprcdiv.c
		___fldiv       		CODE           	0631	0000	436

C:\Program Files\Microchip\xc8\v2.32\pic\sources\c90\common\sprcdiv.c estimated size: 436

C:\Program Files\Microchip\xc8\v2.32\pic\sources\c90\common\doprnt.c
		_sprintf       		CODE           	0392	0000	217

C:\Program Files\Microchip\xc8\v2.32\pic\sources\c90\common\doprnt.c estimated size: 217

C:\Program Files\Microchip\xc8\v2.32\pic\sources\c90\common\lwdiv.c
		___lwdiv       		CODE           	016B	0000	60

C:\Program Files\Microchip\xc8\v2.32\pic\sources\c90\common\lwdiv.c estimated size: 60

main.c
		_main          		CODE           	046B	0000	218

main.c estimated size: 218

